// Jest Snapshot v1, https://goo.gl/fbAQLP

exports[`containers/App matches snapshot 1`] = `
<h1>
  Twitter Box Example
</h1>
`;
